Protein identifier	Contig id	Start	Stop	Strand	Gene symbol	Sequence name	Scope	Element type	Element subtype	Class	Subclass	Method	Target length	Reference sequence length	% Coverage of reference sequence	% Identity to reference sequence	Alignment length	Accession of closest sequence	Name of closest sequence	HMM id	HMM description
NA	contig14	1	1089	+	pmrB_C84R	Escherichia colistin resistant PmrB	core	AMR	POINT	COLISTIN	COLISTIN	POINTX	363	363	100.00	99.72	363	WP_001300761.1	two-component system sensor histidine kinase PmrB	NA	NA
NA	contig14	1093	2181	+	pmrB_C84R	Escherichia colistin resistant PmrB	core	AMR	POINT	COLISTIN	COLISTIN	POINTX	363	363	100.00	99.72	363	WP_001300761.1	two-component system sensor histidine kinase PmrB	NA	NA
NA	contig14	2185	3273	+	pmrB_E121K	Escherichia colistin resistant PmrB [NO_CALL]	core	AMR	POINT	COLISTIN	COLISTIN	EXACTX	363	363	100.00	100.00	363	WP_001300761.1	two-component system sensor histidine kinase PmrB	NA	NA
NA	contig14	2185	3273	+	pmrB_G206D	Escherichia colistin resistant PmrB [NO_CALL]	core	AMR	POINT	COLISTIN	COLISTIN	EXACTX	363	363	100.00	100.00	363	WP_001300761.1	two-component system sensor histidine kinase PmrB	NA	NA
NA	contig14	2185	3273	+	pmrB_E166K	Escherichia colistin resistant PmrB [NO_CALL]	core	AMR	POINT	COLISTIN	COLISTIN	EXACTX	363	363	100.00	100.00	363	WP_001300761.1	two-component system sensor histidine kinase PmrB	NA	NA
NA	contig14	2185	3273	+	pmrB_V161G	Escherichia colistin resistant PmrB [NO_CALL]	core	AMR	POINT	COLISTIN	COLISTIN	EXACTX	363	363	100.00	100.00	363	WP_001300761.1	two-component system sensor histidine kinase PmrB	NA	NA
NA	contig14	2185	3273	+	pmrB_A159V	Escherichia colistin resistant PmrB [NO_CALL]	core	AMR	POINT	COLISTIN	COLISTIN	EXACTX	363	363	100.00	100.00	363	WP_001300761.1	two-component system sensor histidine kinase PmrB	NA	NA
NA	contig14	2185	3273	+	pmrB_A159P	Escherichia colistin resistant PmrB [NO_CALL]	core	AMR	POINT	COLISTIN	COLISTIN	EXACTX	363	363	100.00	100.00	363	WP_001300761.1	two-component system sensor histidine kinase PmrB	NA	NA
NA	contig14	2185	3273	+	pmrB_T156M	Escherichia colistin resistant PmrB [NO_CALL]	core	AMR	POINT	COLISTIN	COLISTIN	EXACTX	363	363	100.00	100.00	363	WP_001300761.1	two-component system sensor histidine kinase PmrB	NA	NA
NA	contig14	2185	3273	+	pmrB_T147A	Escherichia colistin resistant PmrB [NO_CALL]	core	AMR	POINT	COLISTIN	COLISTIN	EXACTX	363	363	100.00	100.00	363	WP_001300761.1	two-component system sensor histidine kinase PmrB	NA	NA
NA	contig14	2185	3273	+	pmrB_E121Q	Escherichia colistin resistant PmrB [NO_CALL]	core	AMR	POINT	COLISTIN	COLISTIN	EXACTX	363	363	100.00	100.00	363	WP_001300761.1	two-component system sensor histidine kinase PmrB	NA	NA
NA	contig14	2185	3273	+	pmrB_L10P	Escherichia colistin resistant PmrB [NO_CALL]	core	AMR	POINT	COLISTIN	COLISTIN	EXACTX	363	363	100.00	100.00	363	WP_001300761.1	two-component system sensor histidine kinase PmrB	NA	NA
NA	contig14	2185	3273	+	pmrB_P94S	Escherichia colistin resistant PmrB [NO_CALL]	core	AMR	POINT	COLISTIN	COLISTIN	EXACTX	363	363	100.00	100.00	363	WP_001300761.1	two-component system sensor histidine kinase PmrB	NA	NA
NA	contig14	2185	3273	+	pmrB_P94Q	Escherichia colistin resistant PmrB [NO_CALL]	core	AMR	POINT	COLISTIN	COLISTIN	EXACTX	363	363	100.00	100.00	363	WP_001300761.1	two-component system sensor histidine kinase PmrB	NA	NA
NA	contig14	2185	3273	+	pmrB_P94L	Escherichia colistin resistant PmrB [NO_CALL]	core	AMR	POINT	COLISTIN	COLISTIN	EXACTX	363	363	100.00	100.00	363	WP_001300761.1	two-component system sensor histidine kinase PmrB	NA	NA
NA	contig14	2185	3273	+	pmrB_C84Y	Escherichia colistin resistant PmrB [NO_CALL]	core	AMR	POINT	COLISTIN	COLISTIN	EXACTX	363	363	100.00	100.00	363	WP_001300761.1	two-component system sensor histidine kinase PmrB	NA	NA
NA	contig14	2185	3273	+	pmrB_C84R	Escherichia colistin resistant PmrB [NO_CALL]	core	AMR	POINT	COLISTIN	COLISTIN	EXACTX	363	363	100.00	100.00	363	WP_001300761.1	two-component system sensor histidine kinase PmrB	NA	NA
NA	contig14	2185	3273	+	pmrB_L14R	Escherichia colistin resistant PmrB [NO_CALL]	core	AMR	POINT	COLISTIN	COLISTIN	EXACTX	363	363	100.00	100.00	363	WP_001300761.1	two-component system sensor histidine kinase PmrB	NA	NA
NA	contig14	2185	3273	+	pmrB_L10R	Escherichia colistin resistant PmrB [NO_CALL]	core	AMR	POINT	COLISTIN	COLISTIN	EXACTX	363	363	100.00	100.00	363	WP_001300761.1	two-component system sensor histidine kinase PmrB	NA	NA
NA	contig16	1	720	+	nfsA_S33R	Escherichia nitrofurantoin resistant NfsA [NO_CALL]	core	AMR	POINT	NITROFURAN	NITROFURANTOIN	POINTX	240	240	100.00	99.17	240	WP_089631889.1	nitroreductase NfsA	NA	NA
NA	contig16	1	720	+	nfsA_Q44STOP	Escherichia nitrofurantoin resistant NfsA [NO_CALL]	core	AMR	POINT	NITROFURAN	NITROFURANTOIN	POINTX	240	240	100.00	99.17	240	WP_089631889.1	nitroreductase NfsA	NA	NA
NA	contig16	1	720	+	nfsA_G131D	Escherichia nitrofurantoin resistant NfsA [NO_CALL]	core	AMR	POINT	NITROFURAN	NITROFURANTOIN	POINTX	240	240	100.00	99.17	240	WP_089631889.1	nitroreductase NfsA	NA	NA
NA	contig16	1	720	+	nfsA_R133S	Escherichia nitrofurantoin resistant NfsA [NO_CALL]	core	AMR	POINT	NITROFURAN	NITROFURANTOIN	POINTX	240	240	100.00	99.17	240	WP_089631889.1	nitroreductase NfsA	NA	NA
NA	contig16	1	720	+	nfsA_R203C	Escherichia nitrofurantoin resistant NfsA [NO_CALL]	core	AMR	POINT	NITROFURAN	NITROFURANTOIN	POINTX	240	240	100.00	99.17	240	WP_089631889.1	nitroreductase NfsA	NA	NA
NA	contig16	1	720	+	nfsA_R203L	Escherichia nitrofurantoin resistant NfsA [NO_CALL]	core	AMR	POINT	NITROFURAN	NITROFURANTOIN	POINTX	240	240	100.00	99.17	240	WP_089631889.1	nitroreductase NfsA	NA	NA
NA	contig16	1	720	+	nfsA_R15C	Escherichia nitrofurantoin resistant NfsA	core	AMR	POINT	NITROFURAN	NITROFURANTOIN	POINTX	240	240	100.00	99.17	240	WP_089631889.1	nitroreductase NfsA	NA	NA
NA	contig16	1	720	+	nfsA_K141STOP	Escherichia nitrofurantoin resistant NfsA	core	AMR	POINT	NITROFURAN	NITROFURANTOIN	POINTX	240	240	100.00	99.17	240	WP_089631889.1	nitroreductase NfsA	NA	NA
